TAP version 13
# Subtest: portal student allows only its own role (student)
ok 1 - portal student allows only its own role (student)
  ---
  duration_ms: 1.077458
  type: 'test'
  ...
# Subtest: portal student allows only its own role (client_admin)
ok 2 - portal student allows only its own role (client_admin)
  ---
  duration_ms: 0.114083
  type: 'test'
  ...
# Subtest: portal student allows only its own role (super_admin)
ok 3 - portal student allows only its own role (super_admin)
  ---
  duration_ms: 0.126701
  type: 'test'
  ...
# Subtest: portal client_admin allows only its own role (student)
ok 4 - portal client_admin allows only its own role (student)
  ---
  duration_ms: 0.062354
  type: 'test'
  ...
# Subtest: portal client_admin allows only its own role (client_admin)
ok 5 - portal client_admin allows only its own role (client_admin)
  ---
  duration_ms: 0.060432
  type: 'test'
  ...
# Subtest: portal client_admin allows only its own role (super_admin)
ok 6 - portal client_admin allows only its own role (super_admin)
  ---
  duration_ms: 0.047432
  type: 'test'
  ...
# Subtest: portal super_admin allows only its own role (student)
ok 7 - portal super_admin allows only its own role (student)
  ---
  duration_ms: 0.094243
  type: 'test'
  ...
# Subtest: portal super_admin allows only its own role (client_admin)
ok 8 - portal super_admin allows only its own role (client_admin)
  ---
  duration_ms: 0.054102
  type: 'test'
  ...
# Subtest: portal super_admin allows only its own role (super_admin)
ok 9 - portal super_admin allows only its own role (super_admin)
  ---
  duration_ms: 0.235556
  type: 'test'
  ...
# Subtest: unknown role cannot elevate ""
ok 10 - unknown role cannot elevate ""
  ---
  duration_ms: 0.324911
  type: 'test'
  ...
# Subtest: unknown role cannot elevate null
ok 11 - unknown role cannot elevate null
  ---
  duration_ms: 0.102164
  type: 'test'
  ...
# Subtest: unknown role cannot elevate {}
ok 12 - unknown role cannot elevate {}
  ---
  duration_ms: 0.04653
  type: 'test'
  ...
# Subtest: unknown role cannot elevate "instructor"
ok 13 - unknown role cannot elevate "instructor"
  ---
  duration_ms: 0.035334
  type: 'test'
  ...
# Subtest: unknown role cannot elevate "owner"
ok 14 - unknown role cannot elevate "owner"
  ---
  duration_ms: 0.0332
  type: 'test'
  ...
# Subtest: header selector cannot fall back from an invalid portal
ok 15 - header selector cannot fall back from an invalid portal
  ---
  duration_ms: 0.095785
  type: 'test'
  ...
# Subtest: each role has a distinct cookie; cookies are HttpOnly
ok 16 - each role has a distinct cookie; cookies are HttpOnly
  ---
  duration_ms: 0.100852
  type: 'test'
  ...
# Subtest: opaque tokens are independent 256-bit random values stored as hashes
ok 17 - opaque tokens are independent 256-bit random values stored as hashes
  ---
  duration_ms: 0.661439
  type: 'test'
  ...
# Subtest: matching current session accepted
ok 18 - matching current session accepted
  ---
  duration_ms: 0.104828
  type: 'test'
  ...
# Subtest: session rejected: wrong portal
ok 19 - session rejected: wrong portal
  ---
  duration_ms: 0.056235
  type: 'test'
  ...
# Subtest: session rejected: wrong subject
ok 20 - session rejected: wrong subject
  ---
  duration_ms: 0.035554
  type: 'test'
  ...
# Subtest: session rejected: revoked
ok 21 - session rejected: revoked
  ---
  duration_ms: 0.029254
  type: 'test'
  ...
# Subtest: session rejected: expired
ok 22 - session rejected: expired
  ---
  duration_ms: 0.031588
  type: 'test'
  ...
# Subtest: session rejected: idle
ok 23 - session rejected: idle
  ---
  duration_ms: 0.033651
  type: 'test'
  ...
# Subtest: session rejected: password reset
ok 24 - session rejected: password reset
  ---
  duration_ms: 0.659106
  type: 'test'
  ...
# Subtest: session rejected: blocked
ok 25 - session rejected: blocked
  ---
  duration_ms: 0.04657
  type: 'test'
  ...
# Subtest: admin hard lifetime 12h and idle limit 4h
ok 26 - admin hard lifetime 12h and idle limit 4h
  ---
  duration_ms: 0.05943
  type: 'test'
  ...
# Subtest: public user serializer excludes all credentials and internal notes
ok 27 - public user serializer excludes all credentials and internal notes
  ---
  duration_ms: 0.115304
  type: 'test'
  ...
# Subtest: new passwords require 12 characters and limit bcrypt UTF8 bytes
ok 28 - new passwords require 12 characters and limit bcrypt UTF8 bytes
  ---
  duration_ms: 0.126982
  type: 'test'
  ...
# Subtest: email object injection cannot reach a database filter
ok 29 - email object injection cannot reach a database filter
  ---
  duration_ms: 0.065709
  type: 'test'
  ...
# Subtest: unsafe student next rejected https://evil.test
ok 30 - unsafe student next rejected https://evil.test
  ---
  duration_ms: 0.159601
  type: 'test'
  ...
# Subtest: unsafe student next rejected //evil.test
ok 31 - unsafe student next rejected //evil.test
  ---
  duration_ms: 0.045549
  type: 'test'
  ...
# Subtest: unsafe student next rejected /\\evil.test
ok 32 - unsafe student next rejected /\\evil.test
  ---
  duration_ms: 0.052069
  type: 'test'
  ...
# Subtest: unsafe student next rejected /%2f%2fevil.test
ok 33 - unsafe student next rejected /%2f%2fevil.test
  ---
  duration_ms: 0.048162
  type: 'test'
  ...
# Subtest: unsafe student next rejected /admin
ok 34 - unsafe student next rejected /admin
  ---
  duration_ms: 0.100852
  type: 'test'
  ...
# Subtest: unsafe student next rejected /x/../admin
ok 35 - unsafe student next rejected /x/../admin
  ---
  duration_ms: 0.068614
  type: 'test'
  ...
# Subtest: unsafe student next rejected /%61dmin/login
ok 36 - unsafe student next rejected /%61dmin/login
  ---
  duration_ms: 0.043536
  type: 'test'
  ...
# Subtest: unsafe student next rejected /super-admin?x=1
ok 37 - unsafe student next rejected /super-admin?x=1
  ---
  duration_ms: 0.043255
  type: 'test'
  ...
# Subtest: unsafe student next rejected /SUPER-ADMIN
ok 38 - unsafe student next rejected /SUPER-ADMIN
  ---
  duration_ms: 0.035804
  type: 'test'
  ...
# Subtest: unsafe student next rejected /%00evil
ok 39 - unsafe student next rejected /%00evil
  ---
  duration_ms: 0.030487
  type: 'test'
  ...
# Subtest: safe student target preserved
ok 40 - safe student target preserved
  ---
  duration_ms: 0.111809
  type: 'test'
  ...
# Subtest: same-origin custom-header write allowed
ok 41 - same-origin custom-header write allowed
  ---
  duration_ms: 0.089566
  type: 'test'
  ...
# Subtest: CSRF write rejected {"marker":null}
ok 42 - CSRF write rejected {"marker":null}
  ---
  duration_ms: 0.111038
  type: 'test'
  ...
# Subtest: CSRF write rejected {"origin":"https://evil.test"}
ok 43 - CSRF write rejected {"origin":"https://evil.test"}
  ---
  duration_ms: 0.042073
  type: 'test'
  ...
# Subtest: CSRF write rejected {"fetchSite":"cross-site"}
ok 44 - CSRF write rejected {"fetchSite":"cross-site"}
  ---
  duration_ms: 0.032379
  type: 'test'
  ...
# Subtest: CSRF write rejected {"origin":null,"referer":"broken"}
ok 45 - CSRF write rejected {"origin":null,"referer":"broken"}
  ---
  duration_ms: 0.06609
  type: 'test'
  ...
# Subtest: originless CLI still needs custom header
ok 46 - originless CLI still needs custom header
  ---
  duration_ms: 0.06624
  type: 'test'
  ...
# Subtest: safe reads permitted without write marker
ok 47 - safe reads permitted without write marker
  ---
  duration_ms: 0.04681
  type: 'test'
  ...
# Subtest: RFC4226 HOTP vector 0
ok 48 - RFC4226 HOTP vector 0
  ---
  duration_ms: 0.373083
  type: 'test'
  ...
# Subtest: RFC4226 HOTP vector 1
ok 49 - RFC4226 HOTP vector 1
  ---
  duration_ms: 0.119681
  type: 'test'
  ...
# Subtest: RFC4226 HOTP vector 2
ok 50 - RFC4226 HOTP vector 2
  ---
  duration_ms: 0.069846
  type: 'test'
  ...
# Subtest: RFC4226 HOTP vector 3
ok 51 - RFC4226 HOTP vector 3
  ---
  duration_ms: 0.087492
  type: 'test'
  ...
# Subtest: RFC4226 HOTP vector 4
ok 52 - RFC4226 HOTP vector 4
  ---
  duration_ms: 0.061784
  type: 'test'
  ...
# Subtest: RFC4226 HOTP vector 5
ok 53 - RFC4226 HOTP vector 5
  ---
  duration_ms: 0.055364
  type: 'test'
  ...
# Subtest: RFC4226 HOTP vector 6
ok 54 - RFC4226 HOTP vector 6
  ---
  duration_ms: 0.051478
  type: 'test'
  ...
# Subtest: RFC4226 HOTP vector 7
ok 55 - RFC4226 HOTP vector 7
  ---
  duration_ms: 0.122094
  type: 'test'
  ...
# Subtest: RFC4226 HOTP vector 8
ok 56 - RFC4226 HOTP vector 8
  ---
  duration_ms: 0.150357
  type: 'test'
  ...
# Subtest: RFC4226 HOTP vector 9
ok 57 - RFC4226 HOTP vector 9
  ---
  duration_ms: 0.088033
  type: 'test'
  ...
# Subtest: RFC6238 SHA1 vector 59
ok 58 - RFC6238 SHA1 vector 59
  ---
  duration_ms: 0.087873
  type: 'test'
  ...
# Subtest: RFC6238 SHA1 vector 1111111109
ok 59 - RFC6238 SHA1 vector 1111111109
  ---
  duration_ms: 0.100902
  type: 'test'
  ...
# Subtest: RFC6238 SHA1 vector 1111111111
ok 60 - RFC6238 SHA1 vector 1111111111
  ---
  duration_ms: 0.053711
  type: 'test'
  ...
# Subtest: RFC6238 SHA1 vector 1234567890
ok 61 - RFC6238 SHA1 vector 1234567890
  ---
  duration_ms: 0.073561
  type: 'test'
  ...
# Subtest: RFC6238 SHA1 vector 2000000000
ok 62 - RFC6238 SHA1 vector 2000000000
  ---
  duration_ms: 0.056195
  type: 'test'
  ...
# Subtest: RFC6238 SHA1 vector 20000000000
ok 63 - RFC6238 SHA1 vector 20000000000
  ---
  duration_ms: 0.050005
  type: 'test'
  ...
# Subtest: TOTP accepts small clock skew but prevents already-consumed step
ok 64 - TOTP accepts small clock skew but prevents already-consumed step
  ---
  duration_ms: 0.311301
  type: 'test'
  ...
# Subtest: Base32 round-trip does not corrupt random secrets
ok 65 - Base32 round-trip does not corrupt random secrets
  ---
  duration_ms: 1.212872
  type: 'test'
  ...
# Subtest: MFA encryption round-trips and rejects ciphertext modification
ok 66 - MFA encryption round-trips and rejects ciphertext modification
  ---
  duration_ms: 0.993841
  type: 'test'
  ...
1..66
# tests 66
# suites 0
# pass 66
# fail 0
# cancelled 0
# skipped 0
# todo 0
# duration_ms 94.773716
