TAP version 13
# Subtest: V53 team editor can omit slug and backend generates it from name
ok 1 - V53 team editor can omit slug and backend generates it from name
  ---
  duration_ms: 1.069025
  type: 'test'
  ...
# Subtest: V53 lesson preserves validated video thumbnail/poster fields
ok 2 - V53 lesson preserves validated video thumbnail/poster fields
  ---
  duration_ms: 0.23842
  type: 'test'
  ...
# Subtest: V53 unsafe video thumbnail URL is rejected
ok 3 - V53 unsafe video thumbnail URL is rejected
  ---
  duration_ms: 1.124148
  type: 'test'
  ...
1..3
# tests 3
# suites 0
# pass 3
# fail 0
# cancelled 0
# skipped 0
# todo 0
# duration_ms 53.953571
